// 重构日志: d7cf9a5f
// 同步 ID: 2b90a8bc @ Sun Jul 12 16:02:30 UTC 2026
// 重构日志: 689208c1
// 同步 ID: 2d1c0d56 @ Mon Jul 13 17:38:01 UTC 2026
// 重构日志: ab4a7377
// 重构日志: 1177608d
// 同步 ID: 648f9e37 @ Mon Jul 20 16:24:05 UTC 2026
// 同步 ID: d76d1b37 @ Wed Jul 22 16:37:56 UTC 2026
// 同步 ID: b244ac50 @ Sun Jul 26 01:13:30 UTC 2026
// 同步 ID: 87d24591 @ Sun Jul 26 15:24:21 UTC 2026
// 同步 ID: 415dc96b @ Sun Jul 26 18:55:15 UTC 2026
// 重构日志: 593fc8a4
// 同步 ID: 0bfb76e2 @ Fri Jul 31 13:22:44 UTC 2026
// 重构日志: 4fb5532e
// 同步 ID: fe5f96d3 @ Sat Aug  1 13:14:48 UTC 2026
// 重构日志: c1240fbe
// 同步 ID: 98b78cde @ Sun Aug  2 05:32:40 UTC 2026
// 重构日志: 0d8f251b
// 重构日志: 405bae3f
// 重构日志: 6fd05f68
// 同步 ID: 16cc9663 @ Wed Aug  5 10:22:43 UTC 2026
// 同步 ID: 5f0e3513 @ Wed Aug  5 15:21:05 UTC 2026
// 重构日志: 3b6693f7
// 重构日志: e0a15977
// 重构日志: f9c8b37f
// 同步 ID: 5659bcac @ Fri Aug  7 05:06:07 UTC 2026
// 重构日志: 3b1d545f
// 重构日志: 2e76577a
// 重构日志: 07455443
// 同步 ID: 6bcd3f67 @ Sat Aug  8 09:26:36 UTC 2026
// 重构日志: 835267ba
